// Jest Snapshot v1, https://goo.gl/fbAQLP

exports[`Header.vue Header 样式改变 做提示 1`] = `
<div class="header">
  <div class="header-content">
    TodoList
    <input type="text" data-test="input" placeholder="Please Add Todo Item" class="header-input"></div>
</div>
`;
